12-21 15:15:49.071 21417 21441 I TestRunner: started: recycler_view_item_count(com.example.dogglers.VerticalListTests)
12-21 15:15:49.078 21417 21441 W Settings: Setting always_finish_activities has moved from android.provider.Settings.System to android.provider.Settings.Global, returning read-only value.
12-21 15:15:49.099 21417 21417 D LifecycleMonitor: Lifecycle status change: androidx.test.core.app.InstrumentationActivityInvoker$BootstrapActivity@a050aae in: PRE_ON_CREATE
12-21 15:15:49.100 21417 21417 V ActivityScenario: Activity lifecycle changed event received but ignored because the intent does not match. startActivityIntent=Intent { act=android.intent.action.MAIN cat=[android.intent.category.LAUNCHER] cmp=com.example.dogglers/.VerticalListActivity }, activity.getIntent()=Intent { act=android.intent.action.MAIN cat=[android.intent.category.LAUNCHER] flg=0x10008000 cmp=com.example.dogglers/androidx.test.core.app.InstrumentationActivityInvoker$BootstrapActivity (has extras) }, activity=androidx.test.core.app.InstrumentationActivityInvoker$BootstrapActivity@a050aae
12-21 15:15:49.112 21417 21417 D LifecycleMonitor: Lifecycle status change: androidx.test.core.app.InstrumentationActivityInvoker$BootstrapActivity@a050aae in: CREATED
12-21 15:15:49.112 21417 21417 V ActivityScenario: Activity lifecycle changed event received but ignored because the intent does not match. startActivityIntent=Intent { act=android.intent.action.MAIN cat=[android.intent.category.LAUNCHER] cmp=com.example.dogglers/.VerticalListActivity }, activity.getIntent()=Intent { act=android.intent.action.MAIN cat=[android.intent.category.LAUNCHER] flg=0x10008000 cmp=com.example.dogglers/androidx.test.core.app.InstrumentationActivityInvoker$BootstrapActivity (has extras) }, activity=androidx.test.core.app.InstrumentationActivityInvoker$BootstrapActivity@a050aae
12-21 15:15:49.113 21417 21417 D LifecycleMonitor: Lifecycle status change: androidx.test.core.app.InstrumentationActivityInvoker$BootstrapActivity@a050aae in: STARTED
12-21 15:15:49.113 21417 21417 V ActivityScenario: Activity lifecycle changed event received but ignored because the intent does not match. startActivityIntent=Intent { act=android.intent.action.MAIN cat=[android.intent.category.LAUNCHER] cmp=com.example.dogglers/.VerticalListActivity }, activity.getIntent()=Intent { act=android.intent.action.MAIN cat=[android.intent.category.LAUNCHER] flg=0x10008000 cmp=com.example.dogglers/androidx.test.core.app.InstrumentationActivityInvoker$BootstrapActivity (has extras) }, activity=androidx.test.core.app.InstrumentationActivityInvoker$BootstrapActivity@a050aae
12-21 15:15:49.115  1428  1428 D gralloc_ranchu: gralloc_alloc: Creating ashmem region of size 7753728
12-21 15:15:49.120 21417 21417 D LifecycleMonitor: Lifecycle status change: androidx.test.core.app.InstrumentationActivityInvoker$BootstrapActivity@a050aae in: RESUMED
12-21 15:15:49.121 21417 21417 V ActivityScenario: Activity lifecycle changed event received but ignored because the intent does not match. startActivityIntent=Intent { act=android.intent.action.MAIN cat=[android.intent.category.LAUNCHER] cmp=com.example.dogglers/.VerticalListActivity }, activity.getIntent()=Intent { act=android.intent.action.MAIN cat=[android.intent.category.LAUNCHER] flg=0x10008000 cmp=com.example.dogglers/androidx.test.core.app.InstrumentationActivityInvoker$BootstrapActivity (has extras) }, activity=androidx.test.core.app.InstrumentationActivityInvoker$BootstrapActivity@a050aae
12-21 15:15:49.124 21417 21417 D LifecycleMonitor: Lifecycle status change: androidx.test.core.app.InstrumentationActivityInvoker$BootstrapActivity@a050aae in: PAUSED
12-21 15:15:49.125 21417 21417 V ActivityScenario: Activity lifecycle changed event received but ignored because the intent does not match. startActivityIntent=Intent { act=android.intent.action.MAIN cat=[android.intent.category.LAUNCHER] cmp=com.example.dogglers/.VerticalListActivity }, activity.getIntent()=Intent { act=android.intent.action.MAIN cat=[android.intent.category.LAUNCHER] flg=0x10008000 cmp=com.example.dogglers/androidx.test.core.app.InstrumentationActivityInvoker$BootstrapActivity (has extras) }, activity=androidx.test.core.app.InstrumentationActivityInvoker$BootstrapActivity@a050aae
12-21 15:15:49.148  2397  2898 D EGL_emulation: eglMakeCurrent: 0xa7307a00: ver 2 0 (tinfo 0x820bbff0)
12-21 15:15:49.148  2318  2477 D EGL_emulation: eglMakeCurrent: 0xa7305ea0: ver 2 0 (tinfo 0xa7303d70)
12-21 15:15:49.180 21417 21417 D LifecycleMonitor: Lifecycle status change: com.example.dogglers.VerticalListActivity@1d6e1e0 in: PRE_ON_CREATE
12-21 15:15:49.180 21417 21417 V ActivityScenario: Activity lifecycle changed event received but ignored because the reported transition was not ON_CREATE while the last known transition was PRE_ON_CREATE
12-21 15:15:49.298 21417 21417 D LifecycleMonitor: Lifecycle status change: com.example.dogglers.VerticalListActivity@1d6e1e0 in: CREATED
12-21 15:15:49.298 21417 21417 V ActivityScenario: Update currentActivityStage to CREATED, currentActivity=com.example.dogglers.VerticalListActivity@1d6e1e0
12-21 15:15:49.299 21417 21417 D LifecycleMonitor: Lifecycle status change: com.example.dogglers.VerticalListActivity@1d6e1e0 in: STARTED
12-21 15:15:49.300 21417 21417 V ActivityScenario: Update currentActivityStage to STARTED, currentActivity=com.example.dogglers.VerticalListActivity@1d6e1e0
12-21 15:15:49.303 21417 21417 D LifecycleMonitor: Lifecycle status change: com.example.dogglers.VerticalListActivity@1d6e1e0 in: RESUMED
12-21 15:15:49.303 21417 21417 V ActivityScenario: Update currentActivityStage to RESUMED, currentActivity=com.example.dogglers.VerticalListActivity@1d6e1e0
12-21 15:15:49.310 21417 21441 D EventInjectionStrategy: Creating injection strategy with input manager.
12-21 15:15:49.314  1437  2079 E SurfaceFlinger: ro.sf.lcd_density must be defined as a build property
12-21 15:15:49.315 21417 21443 D OpenGLRenderer: HWUI GL Pipeline
12-21 15:15:49.341  1428  1428 D gralloc_ranchu: gralloc_alloc: Creating ashmem region of size 8298496
12-21 15:15:49.341 21417 21443 D         : HostConnection::get() New Host Connection established 0xa472ab80, tid 21443
12-21 15:15:49.342  1428  1428 D gralloc_ranchu: gralloc_alloc: Creating ashmem region of size 8298496
12-21 15:15:49.344  1428  1428 D gralloc_ranchu: gralloc_alloc: Creating ashmem region of size 8298496
12-21 15:15:49.344 21417 21443 I OpenGLRenderer: Initialized EGL, version 1.4
12-21 15:15:49.344 21417 21443 D OpenGLRenderer: Swap behavior 1
12-21 15:15:49.345 21417 21443 W OpenGLRenderer: Failed to choose config with EGL_SWAP_BEHAVIOR_PRESERVED, retrying without...
12-21 15:15:49.345 21417 21443 D OpenGLRenderer: Swap behavior 0
12-21 15:15:49.350 21417 21443 D EGL_emulation: eglCreateContext: 0xa7305360: maj 2 min 0 rcv 2
12-21 15:15:49.371 21417 21443 D EGL_emulation: eglMakeCurrent: 0xa7305360: ver 2 0 (tinfo 0xa73033a0)
12-21 15:15:49.524 21417 21422 I zygote  : Do partial code cache collection, code=17KB, data=22KB
12-21 15:15:49.525 21417 21422 I zygote  : After code cache collection, code=17KB, data=22KB
12-21 15:15:49.525 21417 21422 I zygote  : Increasing code cache capacity to 128KB
12-21 15:15:49.529 21417 21422 I zygote  : Do partial code cache collection, code=17KB, data=40KB
12-21 15:15:49.531 21417 21422 I zygote  : After code cache collection, code=17KB, data=40KB
12-21 15:15:49.531 21417 21422 I zygote  : Increasing code cache capacity to 256KB
12-21 15:15:49.535 21417 21422 I zygote  : JIT allocated 71KB for compiled code of void android.widget.TextView.<init>(android.content.Context, android.util.AttributeSet, int, int)
12-21 15:15:49.535 21417 21422 I zygote  : Compiler allocated 4MB to compile void android.widget.TextView.<init>(android.content.Context, android.util.AttributeSet, int, int)
12-21 15:15:49.575 21417 21443 D EGL_emulation: eglMakeCurrent: 0xa7305360: ver 2 0 (tinfo 0xa73033a0)
12-21 15:15:49.713  1704  1725 I ActivityManager: Displayed com.example.dogglers/.VerticalListActivity: +586ms (total +622ms)
12-21 15:15:49.720 21417 21417 I ViewInteraction: Checking 'com.example.dogglers.BaseTest$DrawableMatcher$RecyclerViewAssertion@440a7cf' assertion on view view.getId() is <2131231206/com.example.dogglers:id/vertical_recycler_view>
12-21 15:15:49.727 21417 21417 D LifecycleMonitor: Lifecycle status change: androidx.test.core.app.InstrumentationActivityInvoker$BootstrapActivity@a050aae in: STOPPED
12-21 15:15:49.727 21417 21417 V ActivityScenario: Activity lifecycle changed event received but ignored because the intent does not match. startActivityIntent=Intent { act=android.intent.action.MAIN cat=[android.intent.category.LAUNCHER] cmp=com.example.dogglers/.VerticalListActivity }, activity.getIntent()=Intent { act=android.intent.action.MAIN cat=[android.intent.category.LAUNCHER] flg=0x10008000 cmp=com.example.dogglers/androidx.test.core.app.InstrumentationActivityInvoker$BootstrapActivity (has extras) }, activity=androidx.test.core.app.InstrumentationActivityInvoker$BootstrapActivity@a050aae
12-21 15:15:49.733  5067  5166 I FontLog : Received query Noto Color Emoji Compat, URI content://com.google.android.gms.fonts [CONTEXT service_id=132 ]
12-21 15:15:49.733  5067  5166 I FontLog : Query [emojicompat-emoji-font] resolved to {Noto Color Emoji Compat, wdth 100.0, wght 400, ital 0.0, bestEffort false} [CONTEXT service_id=132 ]
12-21 15:15:49.734  5067  5166 I FontLog : Fetch {Noto Color Emoji Compat, wdth 100.0, wght 400, ital 0.0, bestEffort false} end status Status{statusCode=SUCCESS, resolution=null} [CONTEXT service_id=132 ]
12-21 15:15:49.737  2397 20974 I PBSessionCacheImpl: (REDACTED) Deleted sessionId[%d] from persistence.
12-21 15:15:49.743 21417 21417 D LifecycleMonitor: Lifecycle status change: com.example.dogglers.VerticalListActivity@1d6e1e0 in: PAUSED
12-21 15:15:49.743 21417 21417 V ActivityScenario: Update currentActivityStage to PAUSED, currentActivity=com.example.dogglers.VerticalListActivity@1d6e1e0
12-21 15:15:49.745  2397  3091 W SearchServiceCore: Abort, client detached.
12-21 15:15:49.757  1437  1437 W SurfaceFlinger: couldn't log to binary event log: overflow.
12-21 15:15:49.765 21417 21417 D LifecycleMonitor: Lifecycle status change: androidx.test.core.app.InstrumentationActivityInvoker$EmptyActivity@d33c706 in: PRE_ON_CREATE
12-21 15:15:49.765 21417 21417 V ActivityScenario: Activity lifecycle changed event received but ignored because the intent does not match. startActivityIntent=Intent { act=android.intent.action.MAIN cat=[android.intent.category.LAUNCHER] cmp=com.example.dogglers/.VerticalListActivity }, activity.getIntent()=Intent { act=android.intent.action.MAIN cat=[android.intent.category.LAUNCHER] flg=0x10000000 cmp=com.example.dogglers/androidx.test.core.app.InstrumentationActivityInvoker$EmptyActivity }, activity=androidx.test.core.app.InstrumentationActivityInvoker$EmptyActivity@d33c706
12-21 15:15:49.767  5067  5165 I FontLog : Pulling font file for id = 77, cache size = 6 [CONTEXT service_id=132 ]
12-21 15:15:49.771 21417 21417 D LifecycleMonitor: Lifecycle status change: androidx.test.core.app.InstrumentationActivityInvoker$EmptyActivity@d33c706 in: CREATED
12-21 15:15:49.771 21417 21417 V ActivityScenario: Activity lifecycle changed event received but ignored because the intent does not match. startActivityIntent=Intent { act=android.intent.action.MAIN cat=[android.intent.category.LAUNCHER] cmp=com.example.dogglers/.VerticalListActivity }, activity.getIntent()=Intent { act=android.intent.action.MAIN cat=[android.intent.category.LAUNCHER] flg=0x10000000 cmp=com.example.dogglers/androidx.test.core.app.InstrumentationActivityInvoker$EmptyActivity }, activity=androidx.test.core.app.InstrumentationActivityInvoker$EmptyActivity@d33c706
12-21 15:15:49.772 21417 21417 D LifecycleMonitor: Lifecycle status change: androidx.test.core.app.InstrumentationActivityInvoker$EmptyActivity@d33c706 in: STARTED
12-21 15:15:49.772 21417 21417 V ActivityScenario: Activity lifecycle changed event received but ignored because the intent does not match. startActivityIntent=Intent { act=android.intent.action.MAIN cat=[android.intent.category.LAUNCHER] cmp=com.example.dogglers/.VerticalListActivity }, activity.getIntent()=Intent { act=android.intent.action.MAIN cat=[android.intent.category.LAUNCHER] flg=0x10000000 cmp=com.example.dogglers/androidx.test.core.app.InstrumentationActivityInvoker$EmptyActivity }, activity=androidx.test.core.app.InstrumentationActivityInvoker$EmptyActivity@d33c706
12-21 15:15:49.773  5067  5080 I FontLog : Pulling font file for id = 77, cache size = 6 [CONTEXT service_id=132 ]
12-21 15:15:49.775 21417 21417 D LifecycleMonitor: Lifecycle status change: androidx.test.core.app.InstrumentationActivityInvoker$EmptyActivity@d33c706 in: RESUMED
12-21 15:15:49.775 21417 21417 V ActivityScenario: Activity lifecycle changed event received but ignored because the intent does not match. startActivityIntent=Intent { act=android.intent.action.MAIN cat=[android.intent.category.LAUNCHER] cmp=com.example.dogglers/.VerticalListActivity }, activity.getIntent()=Intent { act=android.intent.action.MAIN cat=[android.intent.category.LAUNCHER] flg=0x10000000 cmp=com.example.dogglers/androidx.test.core.app.InstrumentationActivityInvoker$EmptyActivity }, activity=androidx.test.core.app.InstrumentationActivityInvoker$EmptyActivity@d33c706
12-21 15:15:49.814  1428  1428 D gralloc_ranchu: gralloc_alloc: Creating ashmem region of size 7753728
12-21 15:15:49.816  1428  1428 I chatty  : uid=1000(system) allocator@2.0-s identical 1 line
12-21 15:15:49.819  1428  1428 D gralloc_ranchu: gralloc_alloc: Creating ashmem region of size 7753728
12-21 15:15:49.837 21417 21443 D EGL_emulation: eglMakeCurrent: 0xa7305360: ver 2 0 (tinfo 0xa73033a0)
12-21 15:15:49.943 21417 21417 D LifecycleMonitor: Lifecycle status change: androidx.test.core.app.InstrumentationActivityInvoker$EmptyActivity@d33c706 in: PAUSED
12-21 15:15:49.944 21417 21417 V ActivityScenario: Activity lifecycle changed event received but ignored because the intent does not match. startActivityIntent=Intent { act=android.intent.action.MAIN cat=[android.intent.category.LAUNCHER] cmp=com.example.dogglers/.VerticalListActivity }, activity.getIntent()=Intent { act=android.intent.action.MAIN cat=[android.intent.category.LAUNCHER] flg=0x10000000 cmp=com.example.dogglers/androidx.test.core.app.InstrumentationActivityInvoker$EmptyActivity }, activity=androidx.test.core.app.InstrumentationActivityInvoker$EmptyActivity@d33c706
12-21 15:15:49.951 21417 21417 D LifecycleMonitor: Lifecycle status change: androidx.test.core.app.InstrumentationActivityInvoker$BootstrapActivity@a050aae in: DESTROYED
12-21 15:15:49.952 21417 21417 V ActivityScenario: Activity lifecycle changed event received but ignored because the intent does not match. startActivityIntent=Intent { act=android.intent.action.MAIN cat=[android.intent.category.LAUNCHER] cmp=com.example.dogglers/.VerticalListActivity }, activity.getIntent()=Intent { act=android.intent.action.MAIN cat=[android.intent.category.LAUNCHER] flg=0x10008000 cmp=com.example.dogglers/androidx.test.core.app.InstrumentationActivityInvoker$BootstrapActivity (has extras) }, activity=androidx.test.core.app.InstrumentationActivityInvoker$BootstrapActivity@a050aae
12-21 15:15:49.956 21417 21417 D LifecycleMonitor: Lifecycle status change: androidx.test.core.app.InstrumentationActivityInvoker$EmptyActivity@d46bb60 in: PRE_ON_CREATE
12-21 15:15:49.956 21417 21417 V ActivityScenario: Activity lifecycle changed event received but ignored because the intent does not match. startActivityIntent=Intent { act=android.intent.action.MAIN cat=[android.intent.category.LAUNCHER] cmp=com.example.dogglers/.VerticalListActivity }, activity.getIntent()=Intent { act=android.intent.action.MAIN cat=[android.intent.category.LAUNCHER] flg=0x10000000 cmp=com.example.dogglers/androidx.test.core.app.InstrumentationActivityInvoker$EmptyActivity }, activity=androidx.test.core.app.InstrumentationActivityInvoker$EmptyActivity@d46bb60
12-21 15:15:49.960 21417 21417 D LifecycleMonitor: Lifecycle status change: androidx.test.core.app.InstrumentationActivityInvoker$EmptyActivity@d46bb60 in: CREATED
12-21 15:15:49.960 21417 21417 V ActivityScenario: Activity lifecycle changed event received but ignored because the intent does not match. startActivityIntent=Intent { act=android.intent.action.MAIN cat=[android.intent.category.LAUNCHER] cmp=com.example.dogglers/.VerticalListActivity }, activity.getIntent()=Intent { act=android.intent.action.MAIN cat=[android.intent.category.LAUNCHER] flg=0x10000000 cmp=com.example.dogglers/androidx.test.core.app.InstrumentationActivityInvoker$EmptyActivity }, activity=androidx.test.core.app.InstrumentationActivityInvoker$EmptyActivity@d46bb60
12-21 15:15:49.961 21417 21417 D LifecycleMonitor: Lifecycle status change: androidx.test.core.app.InstrumentationActivityInvoker$EmptyActivity@d46bb60 in: STARTED
12-21 15:15:49.961 21417 21417 V ActivityScenario: Activity lifecycle changed event received but ignored because the intent does not match. startActivityIntent=Intent { act=android.intent.action.MAIN cat=[android.intent.category.LAUNCHER] cmp=com.example.dogglers/.VerticalListActivity }, activity.getIntent()=Intent { act=android.intent.action.MAIN cat=[android.intent.category.LAUNCHER] flg=0x10000000 cmp=com.example.dogglers/androidx.test.core.app.InstrumentationActivityInvoker$EmptyActivity }, activity=androidx.test.core.app.InstrumentationActivityInvoker$EmptyActivity@d46bb60
12-21 15:15:49.963 21417 21417 D LifecycleMonitor: Lifecycle status change: androidx.test.core.app.InstrumentationActivityInvoker$EmptyActivity@d46bb60 in: RESUMED
12-21 15:15:49.964 21417 21417 V ActivityScenario: Activity lifecycle changed event received but ignored because the intent does not match. startActivityIntent=Intent { act=android.intent.action.MAIN cat=[android.intent.category.LAUNCHER] cmp=com.example.dogglers/.VerticalListActivity }, activity.getIntent()=Intent { act=android.intent.action.MAIN cat=[android.intent.category.LAUNCHER] flg=0x10000000 cmp=com.example.dogglers/androidx.test.core.app.InstrumentationActivityInvoker$EmptyActivity }, activity=androidx.test.core.app.InstrumentationActivityInvoker$EmptyActivity@d46bb60
12-21 15:15:49.972 21417 21443 D EGL_emulation: eglMakeCurrent: 0xa7305360: ver 2 0 (tinfo 0xa73033a0)
12-21 15:15:49.988  1437  1437 D SurfaceFlinger: duplicate layer name: changing com.example.dogglers/androidx.test.core.app.InstrumentationActivityInvoker$EmptyActivity to com.example.dogglers/androidx.test.core.app.InstrumentationActivityInvoker$EmptyActivity#1
12-21 15:15:49.992  1428  1428 D gralloc_ranchu: gralloc_alloc: Creating ashmem region of size 7753728
12-21 15:15:49.994  1428  1428 I chatty  : uid=1000(system) allocator@2.0-s identical 1 line
12-21 15:15:49.995  1428  1428 D gralloc_ranchu: gralloc_alloc: Creating ashmem region of size 7753728
12-21 15:15:50.012 21417 21443 D EGL_emulation: eglMakeCurrent: 0xa7305360: ver 2 0 (tinfo 0xa73033a0)
12-21 15:15:50.031  1704  1725 I ActivityManager: Displayed com.example.dogglers/androidx.test.core.app.InstrumentationActivityInvoker$EmptyActivity: +81ms (total +269ms)
12-21 15:15:50.059 21417 21417 D LifecycleMonitor: Lifecycle status change: androidx.test.core.app.InstrumentationActivityInvoker$EmptyActivity@d33c706 in: STOPPED
12-21 15:15:50.059 21417 21417 V ActivityScenario: Activity lifecycle changed event received but ignored because the intent does not match. startActivityIntent=Intent { act=android.intent.action.MAIN cat=[android.intent.category.LAUNCHER] cmp=com.example.dogglers/.VerticalListActivity }, activity.getIntent()=Intent { act=android.intent.action.MAIN cat=[android.intent.category.LAUNCHER] flg=0x10000000 cmp=com.example.dogglers/androidx.test.core.app.InstrumentationActivityInvoker$EmptyActivity }, activity=androidx.test.core.app.InstrumentationActivityInvoker$EmptyActivity@d33c706
12-21 15:15:50.061 21417 21417 D LifecycleMonitor: Lifecycle status change: com.example.dogglers.VerticalListActivity@1d6e1e0 in: STOPPED
12-21 15:15:50.061 21417 21417 V ActivityScenario: Update currentActivityStage to STOPPED, currentActivity=com.example.dogglers.VerticalListActivity@1d6e1e0
12-21 15:15:50.062 21417 21417 D LifecycleMonitor: Lifecycle status change: com.example.dogglers.VerticalListActivity@1d6e1e0 in: DESTROYED
12-21 15:15:50.062 21417 21417 V ActivityScenario: Update currentActivityStage to DESTROYED, currentActivity=null
12-21 15:15:50.074 21417 21417 D LifecycleMonitor: Lifecycle status change: androidx.test.core.app.InstrumentationActivityInvoker$EmptyActivity@d33c706 in: DESTROYED
12-21 15:15:50.074 21417 21417 V ActivityScenario: Activity lifecycle changed event received but ignored because the intent does not match. startActivityIntent=Intent { act=android.intent.action.MAIN cat=[android.intent.category.LAUNCHER] cmp=com.example.dogglers/.VerticalListActivity }, activity.getIntent()=Intent { act=android.intent.action.MAIN cat=[android.intent.category.LAUNCHER] flg=0x10000000 cmp=com.example.dogglers/androidx.test.core.app.InstrumentationActivityInvoker$EmptyActivity }, activity=androidx.test.core.app.InstrumentationActivityInvoker$EmptyActivity@d33c706
12-21 15:15:50.077 21417 21417 D LifecycleMonitor: Lifecycle status change: androidx.test.core.app.InstrumentationActivityInvoker$EmptyActivity@d46bb60 in: PAUSED
12-21 15:15:50.077 21417 21417 V ActivityScenario: Activity lifecycle changed event received but ignored because the intent does not match. startActivityIntent=Intent { act=android.intent.action.MAIN cat=[android.intent.category.LAUNCHER] cmp=com.example.dogglers/.VerticalListActivity }, activity.getIntent()=Intent { act=android.intent.action.MAIN cat=[android.intent.category.LAUNCHER] flg=0x10000000 cmp=com.example.dogglers/androidx.test.core.app.InstrumentationActivityInvoker$EmptyActivity }, activity=androidx.test.core.app.InstrumentationActivityInvoker$EmptyActivity@d46bb60
12-21 15:15:50.083 21417 21441 I TestRunner: finished: recycler_view_item_count(com.example.dogglers.VerticalListTests)
