12-21 15:15:50.188 21417 21441 I TestRunner: started: vertical_scroll_content_at_last_position(com.example.dogglers.VerticalListTests)
12-21 15:15:50.193 21417 21441 W Settings: Setting always_finish_activities has moved from android.provider.Settings.System to android.provider.Settings.Global, returning read-only value.
12-21 15:15:50.221 21417 21417 D LifecycleMonitor: Lifecycle status change: androidx.test.core.app.InstrumentationActivityInvoker$BootstrapActivity@b78a224 in: PRE_ON_CREATE
12-21 15:15:50.222 21417 21417 V ActivityScenario: Activity lifecycle changed event received but ignored because the intent does not match. startActivityIntent=Intent { act=android.intent.action.MAIN cat=[android.intent.category.LAUNCHER] cmp=com.example.dogglers/.VerticalListActivity }, activity.getIntent()=Intent { act=android.intent.action.MAIN cat=[android.intent.category.LAUNCHER] flg=0x10008000 cmp=com.example.dogglers/androidx.test.core.app.InstrumentationActivityInvoker$BootstrapActivity (has extras) }, activity=androidx.test.core.app.InstrumentationActivityInvoker$BootstrapActivity@b78a224
12-21 15:15:50.224  1428  1428 D gralloc_ranchu: gralloc_alloc: Creating ashmem region of size 7753728
12-21 15:15:50.226 21417 21417 D LifecycleMonitor: Lifecycle status change: androidx.test.core.app.InstrumentationActivityInvoker$BootstrapActivity@b78a224 in: CREATED
12-21 15:15:50.227 21417 21417 V ActivityScenario: Activity lifecycle changed event received but ignored because the intent does not match. startActivityIntent=Intent { act=android.intent.action.MAIN cat=[android.intent.category.LAUNCHER] cmp=com.example.dogglers/.VerticalListActivity }, activity.getIntent()=Intent { act=android.intent.action.MAIN cat=[android.intent.category.LAUNCHER] flg=0x10008000 cmp=com.example.dogglers/androidx.test.core.app.InstrumentationActivityInvoker$BootstrapActivity (has extras) }, activity=androidx.test.core.app.InstrumentationActivityInvoker$BootstrapActivity@b78a224
12-21 15:15:50.228 21417 21417 D LifecycleMonitor: Lifecycle status change: androidx.test.core.app.InstrumentationActivityInvoker$BootstrapActivity@b78a224 in: STARTED
12-21 15:15:50.228 21417 21417 V ActivityScenario: Activity lifecycle changed event received but ignored because the intent does not match. startActivityIntent=Intent { act=android.intent.action.MAIN cat=[android.intent.category.LAUNCHER] cmp=com.example.dogglers/.VerticalListActivity }, activity.getIntent()=Intent { act=android.intent.action.MAIN cat=[android.intent.category.LAUNCHER] flg=0x10008000 cmp=com.example.dogglers/androidx.test.core.app.InstrumentationActivityInvoker$BootstrapActivity (has extras) }, activity=androidx.test.core.app.InstrumentationActivityInvoker$BootstrapActivity@b78a224
12-21 15:15:50.232 21417 21417 D LifecycleMonitor: Lifecycle status change: androidx.test.core.app.InstrumentationActivityInvoker$BootstrapActivity@b78a224 in: RESUMED
12-21 15:15:50.232 21417 21417 V ActivityScenario: Activity lifecycle changed event received but ignored because the intent does not match. startActivityIntent=Intent { act=android.intent.action.MAIN cat=[android.intent.category.LAUNCHER] cmp=com.example.dogglers/.VerticalListActivity }, activity.getIntent()=Intent { act=android.intent.action.MAIN cat=[android.intent.category.LAUNCHER] flg=0x10008000 cmp=com.example.dogglers/androidx.test.core.app.InstrumentationActivityInvoker$BootstrapActivity (has extras) }, activity=androidx.test.core.app.InstrumentationActivityInvoker$BootstrapActivity@b78a224
12-21 15:15:50.234 21417 21417 D LifecycleMonitor: Lifecycle status change: androidx.test.core.app.InstrumentationActivityInvoker$BootstrapActivity@b78a224 in: PAUSED
12-21 15:15:50.234 21417 21417 V ActivityScenario: Activity lifecycle changed event received but ignored because the intent does not match. startActivityIntent=Intent { act=android.intent.action.MAIN cat=[android.intent.category.LAUNCHER] cmp=com.example.dogglers/.VerticalListActivity }, activity.getIntent()=Intent { act=android.intent.action.MAIN cat=[android.intent.category.LAUNCHER] flg=0x10008000 cmp=com.example.dogglers/androidx.test.core.app.InstrumentationActivityInvoker$BootstrapActivity (has extras) }, activity=androidx.test.core.app.InstrumentationActivityInvoker$BootstrapActivity@b78a224
12-21 15:15:50.240 21417 21417 D LifecycleMonitor: Lifecycle status change: com.example.dogglers.VerticalListActivity@c7f0d8e in: PRE_ON_CREATE
12-21 15:15:50.240 21417 21417 V ActivityScenario: Activity lifecycle changed event received but ignored because the reported transition was not ON_CREATE while the last known transition was PRE_ON_CREATE
12-21 15:15:50.242 21417 21422 I zygote  : Do full code cache collection, code=117KB, data=78KB
12-21 15:15:50.242 21417 21422 I zygote  : After code cache collection, code=117KB, data=61KB
12-21 15:15:50.254 21417 21417 D LifecycleMonitor: Lifecycle status change: com.example.dogglers.VerticalListActivity@c7f0d8e in: CREATED
12-21 15:15:50.255 21417 21417 V ActivityScenario: Update currentActivityStage to CREATED, currentActivity=com.example.dogglers.VerticalListActivity@c7f0d8e
12-21 15:15:50.255 21417 21417 D LifecycleMonitor: Lifecycle status change: com.example.dogglers.VerticalListActivity@c7f0d8e in: STARTED
12-21 15:15:50.255 21417 21417 V ActivityScenario: Update currentActivityStage to STARTED, currentActivity=com.example.dogglers.VerticalListActivity@c7f0d8e
12-21 15:15:50.259  2318  2477 D EGL_emulation: eglMakeCurrent: 0xa7305ea0: ver 2 0 (tinfo 0xa7303d70)
12-21 15:15:50.259  2397  2898 D EGL_emulation: eglMakeCurrent: 0xa7307a00: ver 2 0 (tinfo 0x820bbff0)
12-21 15:15:50.259 21417 21417 D LifecycleMonitor: Lifecycle status change: com.example.dogglers.VerticalListActivity@c7f0d8e in: RESUMED
12-21 15:15:50.260 21417 21417 V ActivityScenario: Update currentActivityStage to RESUMED, currentActivity=com.example.dogglers.VerticalListActivity@c7f0d8e
12-21 15:15:50.284  1428  1428 D gralloc_ranchu: gralloc_alloc: Creating ashmem region of size 8298496
12-21 15:15:50.285  1428  1428 I chatty  : uid=1000(system) allocator@2.0-s identical 1 line
12-21 15:15:50.286  1428  1428 D gralloc_ranchu: gralloc_alloc: Creating ashmem region of size 8298496
12-21 15:15:50.338 21417 21422 I zygote  : Do partial code cache collection, code=123KB, data=69KB
12-21 15:15:50.340 21417 21422 I zygote  : After code cache collection, code=123KB, data=69KB
12-21 15:15:50.340 21417 21422 I zygote  : Increasing code cache capacity to 512KB
12-21 15:15:50.345 21417 21443 D EGL_emulation: eglMakeCurrent: 0xa7305360: ver 2 0 (tinfo 0xa73033a0)
12-21 15:15:50.357  1704  1725 I ActivityManager: Displayed com.example.dogglers/.VerticalListActivity: +121ms (total +152ms)
12-21 15:15:50.363 21417 21417 I ViewInteraction: Performing 'scroll RecyclerView to position: 5' action on view view.getId() is <2131231206/com.example.dogglers:id/vertical_recycler_view>
12-21 15:15:50.529 21417 21417 I ViewInteraction: Checking 'MatchesViewAssertion{viewMatcher=(view has effective visibility <VISIBLE> and view.getGlobalVisibleRect() to return non-empty rectangle)}' assertion on view an instance of android.widget.TextView and view.getText() with or without transformation to match: is "Bella"
12-21 15:15:50.531 21417 21417 D LifecycleMonitor: Lifecycle status change: androidx.test.core.app.InstrumentationActivityInvoker$BootstrapActivity@b78a224 in: STOPPED
12-21 15:15:50.531 21417 21417 V ActivityScenario: Activity lifecycle changed event received but ignored because the intent does not match. startActivityIntent=Intent { act=android.intent.action.MAIN cat=[android.intent.category.LAUNCHER] cmp=com.example.dogglers/.VerticalListActivity }, activity.getIntent()=Intent { act=android.intent.action.MAIN cat=[android.intent.category.LAUNCHER] flg=0x10008000 cmp=com.example.dogglers/androidx.test.core.app.InstrumentationActivityInvoker$BootstrapActivity (has extras) }, activity=androidx.test.core.app.InstrumentationActivityInvoker$BootstrapActivity@b78a224
12-21 15:15:50.534  2397 19347 I PBSessionCacheImpl: (REDACTED) Deleted sessionId[%d] from persistence.
12-21 15:15:50.539 21417 21417 D LifecycleMonitor: Lifecycle status change: com.example.dogglers.VerticalListActivity@c7f0d8e in: PAUSED
12-21 15:15:50.539 21417 21417 V ActivityScenario: Update currentActivityStage to PAUSED, currentActivity=com.example.dogglers.VerticalListActivity@c7f0d8e
12-21 15:15:50.544  2397  3091 W SearchServiceCore: Abort, client detached.
12-21 15:15:50.550 21417 21417 D LifecycleMonitor: Lifecycle status change: androidx.test.core.app.InstrumentationActivityInvoker$EmptyActivity@7c102e3 in: PRE_ON_CREATE
12-21 15:15:50.550 21417 21417 V ActivityScenario: Activity lifecycle changed event received but ignored because the intent does not match. startActivityIntent=Intent { act=android.intent.action.MAIN cat=[android.intent.category.LAUNCHER] cmp=com.example.dogglers/.VerticalListActivity }, activity.getIntent()=Intent { act=android.intent.action.MAIN cat=[android.intent.category.LAUNCHER] flg=0x10000000 cmp=com.example.dogglers/androidx.test.core.app.InstrumentationActivityInvoker$EmptyActivity }, activity=androidx.test.core.app.InstrumentationActivityInvoker$EmptyActivity@7c102e3
12-21 15:15:50.555 21417 21417 D LifecycleMonitor: Lifecycle status change: androidx.test.core.app.InstrumentationActivityInvoker$EmptyActivity@7c102e3 in: CREATED
12-21 15:15:50.555 21417 21417 V ActivityScenario: Activity lifecycle changed event received but ignored because the intent does not match. startActivityIntent=Intent { act=android.intent.action.MAIN cat=[android.intent.category.LAUNCHER] cmp=com.example.dogglers/.VerticalListActivity }, activity.getIntent()=Intent { act=android.intent.action.MAIN cat=[android.intent.category.LAUNCHER] flg=0x10000000 cmp=com.example.dogglers/androidx.test.core.app.InstrumentationActivityInvoker$EmptyActivity }, activity=androidx.test.core.app.InstrumentationActivityInvoker$EmptyActivity@7c102e3
12-21 15:15:50.556 21417 21417 D LifecycleMonitor: Lifecycle status change: androidx.test.core.app.InstrumentationActivityInvoker$EmptyActivity@7c102e3 in: STARTED
12-21 15:15:50.557 21417 21417 V ActivityScenario: Activity lifecycle changed event received but ignored because the intent does not match. startActivityIntent=Intent { act=android.intent.action.MAIN cat=[android.intent.category.LAUNCHER] cmp=com.example.dogglers/.VerticalListActivity }, activity.getIntent()=Intent { act=android.intent.action.MAIN cat=[android.intent.category.LAUNCHER] flg=0x10000000 cmp=com.example.dogglers/androidx.test.core.app.InstrumentationActivityInvoker$EmptyActivity }, activity=androidx.test.core.app.InstrumentationActivityInvoker$EmptyActivity@7c102e3
12-21 15:15:50.559 21417 21417 D LifecycleMonitor: Lifecycle status change: androidx.test.core.app.InstrumentationActivityInvoker$EmptyActivity@7c102e3 in: RESUMED
12-21 15:15:50.559 21417 21417 V ActivityScenario: Activity lifecycle changed event received but ignored because the intent does not match. startActivityIntent=Intent { act=android.intent.action.MAIN cat=[android.intent.category.LAUNCHER] cmp=com.example.dogglers/.VerticalListActivity }, activity.getIntent()=Intent { act=android.intent.action.MAIN cat=[android.intent.category.LAUNCHER] flg=0x10000000 cmp=com.example.dogglers/androidx.test.core.app.InstrumentationActivityInvoker$EmptyActivity }, activity=androidx.test.core.app.InstrumentationActivityInvoker$EmptyActivity@7c102e3
12-21 15:15:50.560  1437  1465 E SurfaceFlinger: Failed to find layer (Splash Screen com.example.dogglers#0) in layer parent (no-parent).
12-21 15:15:50.574  1428  1428 D gralloc_ranchu: gralloc_alloc: Creating ashmem region of size 7753728
12-21 15:15:50.575  1428  1428 I chatty  : uid=1000(system) allocator@2.0-s identical 1 line
12-21 15:15:50.576  1428  1428 D gralloc_ranchu: gralloc_alloc: Creating ashmem region of size 7753728
12-21 15:15:50.597 21417 21443 D EGL_emulation: eglMakeCurrent: 0xa7305360: ver 2 0 (tinfo 0xa73033a0)
12-21 15:15:50.621  1704  1725 I ActivityManager: Displayed com.example.dogglers/androidx.test.core.app.InstrumentationActivityInvoker$EmptyActivity: +75ms
12-21 15:15:50.647 21417 21417 D LifecycleMonitor: Lifecycle status change: androidx.test.core.app.InstrumentationActivityInvoker$EmptyActivity@7c102e3 in: PAUSED
12-21 15:15:50.647 21417 21417 V ActivityScenario: Activity lifecycle changed event received but ignored because the intent does not match. startActivityIntent=Intent { act=android.intent.action.MAIN cat=[android.intent.category.LAUNCHER] cmp=com.example.dogglers/.VerticalListActivity }, activity.getIntent()=Intent { act=android.intent.action.MAIN cat=[android.intent.category.LAUNCHER] flg=0x10000000 cmp=com.example.dogglers/androidx.test.core.app.InstrumentationActivityInvoker$EmptyActivity }, activity=androidx.test.core.app.InstrumentationActivityInvoker$EmptyActivity@7c102e3
12-21 15:15:50.652 21417 21417 D LifecycleMonitor: Lifecycle status change: androidx.test.core.app.InstrumentationActivityInvoker$BootstrapActivity@b78a224 in: DESTROYED
12-21 15:15:50.653 21417 21417 V ActivityScenario: Activity lifecycle changed event received but ignored because the intent does not match. startActivityIntent=Intent { act=android.intent.action.MAIN cat=[android.intent.category.LAUNCHER] cmp=com.example.dogglers/.VerticalListActivity }, activity.getIntent()=Intent { act=android.intent.action.MAIN cat=[android.intent.category.LAUNCHER] flg=0x10008000 cmp=com.example.dogglers/androidx.test.core.app.InstrumentationActivityInvoker$BootstrapActivity (has extras) }, activity=androidx.test.core.app.InstrumentationActivityInvoker$BootstrapActivity@b78a224
12-21 15:15:50.657 21417 21417 D LifecycleMonitor: Lifecycle status change: androidx.test.core.app.InstrumentationActivityInvoker$EmptyActivity@8ea1055 in: PRE_ON_CREATE
12-21 15:15:50.657 21417 21417 V ActivityScenario: Activity lifecycle changed event received but ignored because the intent does not match. startActivityIntent=Intent { act=android.intent.action.MAIN cat=[android.intent.category.LAUNCHER] cmp=com.example.dogglers/.VerticalListActivity }, activity.getIntent()=Intent { act=android.intent.action.MAIN cat=[android.intent.category.LAUNCHER] flg=0x10000000 cmp=com.example.dogglers/androidx.test.core.app.InstrumentationActivityInvoker$EmptyActivity }, activity=androidx.test.core.app.InstrumentationActivityInvoker$EmptyActivity@8ea1055
12-21 15:15:50.661 21417 21417 D LifecycleMonitor: Lifecycle status change: androidx.test.core.app.InstrumentationActivityInvoker$EmptyActivity@8ea1055 in: CREATED
12-21 15:15:50.662 21417 21417 V ActivityScenario: Activity lifecycle changed event received but ignored because the intent does not match. startActivityIntent=Intent { act=android.intent.action.MAIN cat=[android.intent.category.LAUNCHER] cmp=com.example.dogglers/.VerticalListActivity }, activity.getIntent()=Intent { act=android.intent.action.MAIN cat=[android.intent.category.LAUNCHER] flg=0x10000000 cmp=com.example.dogglers/androidx.test.core.app.InstrumentationActivityInvoker$EmptyActivity }, activity=androidx.test.core.app.InstrumentationActivityInvoker$EmptyActivity@8ea1055
12-21 15:15:50.662 21417 21417 D LifecycleMonitor: Lifecycle status change: androidx.test.core.app.InstrumentationActivityInvoker$EmptyActivity@8ea1055 in: STARTED
12-21 15:15:50.663 21417 21417 V ActivityScenario: Activity lifecycle changed event received but ignored because the intent does not match. startActivityIntent=Intent { act=android.intent.action.MAIN cat=[android.intent.category.LAUNCHER] cmp=com.example.dogglers/.VerticalListActivity }, activity.getIntent()=Intent { act=android.intent.action.MAIN cat=[android.intent.category.LAUNCHER] flg=0x10000000 cmp=com.example.dogglers/androidx.test.core.app.InstrumentationActivityInvoker$EmptyActivity }, activity=androidx.test.core.app.InstrumentationActivityInvoker$EmptyActivity@8ea1055
12-21 15:15:50.666 21417 21417 D LifecycleMonitor: Lifecycle status change: androidx.test.core.app.InstrumentationActivityInvoker$EmptyActivity@8ea1055 in: RESUMED
12-21 15:15:50.666 21417 21417 V ActivityScenario: Activity lifecycle changed event received but ignored because the intent does not match. startActivityIntent=Intent { act=android.intent.action.MAIN cat=[android.intent.category.LAUNCHER] cmp=com.example.dogglers/.VerticalListActivity }, activity.getIntent()=Intent { act=android.intent.action.MAIN cat=[android.intent.category.LAUNCHER] flg=0x10000000 cmp=com.example.dogglers/androidx.test.core.app.InstrumentationActivityInvoker$EmptyActivity }, activity=androidx.test.core.app.InstrumentationActivityInvoker$EmptyActivity@8ea1055
12-21 15:15:50.677  1437  1437 D SurfaceFlinger: duplicate layer name: changing com.example.dogglers/androidx.test.core.app.InstrumentationActivityInvoker$EmptyActivity to com.example.dogglers/androidx.test.core.app.InstrumentationActivityInvoker$EmptyActivity#1
12-21 15:15:50.682  1428  1428 D gralloc_ranchu: gralloc_alloc: Creating ashmem region of size 7753728
12-21 15:15:50.684  1428  1428 I chatty  : uid=1000(system) allocator@2.0-s identical 1 line
12-21 15:15:50.685  1428  1428 D gralloc_ranchu: gralloc_alloc: Creating ashmem region of size 7753728
12-21 15:15:50.689 21417 21417 D LifecycleMonitor: Lifecycle status change: com.example.dogglers.VerticalListActivity@c7f0d8e in: STOPPED
12-21 15:15:50.689 21417 21417 V ActivityScenario: Update currentActivityStage to STOPPED, currentActivity=com.example.dogglers.VerticalListActivity@c7f0d8e
12-21 15:15:50.689 21417 21417 D LifecycleMonitor: Lifecycle status change: com.example.dogglers.VerticalListActivity@c7f0d8e in: DESTROYED
12-21 15:15:50.690 21417 21417 V ActivityScenario: Update currentActivityStage to DESTROYED, currentActivity=null
12-21 15:15:50.697 21417 21443 D EGL_emulation: eglMakeCurrent: 0xa7305360: ver 2 0 (tinfo 0xa73033a0)
12-21 15:15:50.713  1704  1725 I ActivityManager: Displayed com.example.dogglers/androidx.test.core.app.InstrumentationActivityInvoker$EmptyActivity: +62ms
12-21 15:15:50.729 21417 21417 D LifecycleMonitor: Lifecycle status change: androidx.test.core.app.InstrumentationActivityInvoker$EmptyActivity@8ea1055 in: PAUSED
12-21 15:15:50.729 21417 21417 V ActivityScenario: Activity lifecycle changed event received but ignored because the intent does not match. startActivityIntent=Intent { act=android.intent.action.MAIN cat=[android.intent.category.LAUNCHER] cmp=com.example.dogglers/.VerticalListActivity }, activity.getIntent()=Intent { act=android.intent.action.MAIN cat=[android.intent.category.LAUNCHER] flg=0x10000000 cmp=com.example.dogglers/androidx.test.core.app.InstrumentationActivityInvoker$EmptyActivity }, activity=androidx.test.core.app.InstrumentationActivityInvoker$EmptyActivity@8ea1055
12-21 15:15:50.733 21417 21441 I TestRunner: finished: vertical_scroll_content_at_last_position(com.example.dogglers.VerticalListTests)
