12-21 15:15:51.490 21417 21441 I TestRunner: started: vertical_scroll_content_at_first_position(com.example.dogglers.VerticalListTests)
12-21 15:15:51.496 21417 21441 W Settings: Setting always_finish_activities has moved from android.provider.Settings.System to android.provider.Settings.Global, returning read-only value.
12-21 15:15:51.517 21417 21417 D LifecycleMonitor: Lifecycle status change: androidx.test.core.app.InstrumentationActivityInvoker$BootstrapActivity@7529a53 in: PRE_ON_CREATE
12-21 15:15:51.518 21417 21417 V ActivityScenario: Activity lifecycle changed event received but ignored because the intent does not match. startActivityIntent=Intent { act=android.intent.action.MAIN cat=[android.intent.category.LAUNCHER] cmp=com.example.dogglers/.VerticalListActivity }, activity.getIntent()=Intent { act=android.intent.action.MAIN cat=[android.intent.category.LAUNCHER] flg=0x10008000 cmp=com.example.dogglers/androidx.test.core.app.InstrumentationActivityInvoker$BootstrapActivity (has extras) }, activity=androidx.test.core.app.InstrumentationActivityInvoker$BootstrapActivity@7529a53
12-21 15:15:51.524 21417 21417 D LifecycleMonitor: Lifecycle status change: androidx.test.core.app.InstrumentationActivityInvoker$BootstrapActivity@7529a53 in: CREATED
12-21 15:15:51.525 21417 21417 V ActivityScenario: Activity lifecycle changed event received but ignored because the intent does not match. startActivityIntent=Intent { act=android.intent.action.MAIN cat=[android.intent.category.LAUNCHER] cmp=com.example.dogglers/.VerticalListActivity }, activity.getIntent()=Intent { act=android.intent.action.MAIN cat=[android.intent.category.LAUNCHER] flg=0x10008000 cmp=com.example.dogglers/androidx.test.core.app.InstrumentationActivityInvoker$BootstrapActivity (has extras) }, activity=androidx.test.core.app.InstrumentationActivityInvoker$BootstrapActivity@7529a53
12-21 15:15:51.525 21417 21417 D LifecycleMonitor: Lifecycle status change: androidx.test.core.app.InstrumentationActivityInvoker$BootstrapActivity@7529a53 in: STARTED
12-21 15:15:51.525 21417 21417 V ActivityScenario: Activity lifecycle changed event received but ignored because the intent does not match. startActivityIntent=Intent { act=android.intent.action.MAIN cat=[android.intent.category.LAUNCHER] cmp=com.example.dogglers/.VerticalListActivity }, activity.getIntent()=Intent { act=android.intent.action.MAIN cat=[android.intent.category.LAUNCHER] flg=0x10008000 cmp=com.example.dogglers/androidx.test.core.app.InstrumentationActivityInvoker$BootstrapActivity (has extras) }, activity=androidx.test.core.app.InstrumentationActivityInvoker$BootstrapActivity@7529a53
12-21 15:15:51.529  1428  1428 D gralloc_ranchu: gralloc_alloc: Creating ashmem region of size 7753728
12-21 15:15:51.530 21417 21417 D LifecycleMonitor: Lifecycle status change: androidx.test.core.app.InstrumentationActivityInvoker$BootstrapActivity@7529a53 in: RESUMED
12-21 15:15:51.530 21417 21417 V ActivityScenario: Activity lifecycle changed event received but ignored because the intent does not match. startActivityIntent=Intent { act=android.intent.action.MAIN cat=[android.intent.category.LAUNCHER] cmp=com.example.dogglers/.VerticalListActivity }, activity.getIntent()=Intent { act=android.intent.action.MAIN cat=[android.intent.category.LAUNCHER] flg=0x10008000 cmp=com.example.dogglers/androidx.test.core.app.InstrumentationActivityInvoker$BootstrapActivity (has extras) }, activity=androidx.test.core.app.InstrumentationActivityInvoker$BootstrapActivity@7529a53
12-21 15:15:51.532 21417 21417 D LifecycleMonitor: Lifecycle status change: androidx.test.core.app.InstrumentationActivityInvoker$BootstrapActivity@7529a53 in: PAUSED
12-21 15:15:51.533 21417 21417 V ActivityScenario: Activity lifecycle changed event received but ignored because the intent does not match. startActivityIntent=Intent { act=android.intent.action.MAIN cat=[android.intent.category.LAUNCHER] cmp=com.example.dogglers/.VerticalListActivity }, activity.getIntent()=Intent { act=android.intent.action.MAIN cat=[android.intent.category.LAUNCHER] flg=0x10008000 cmp=com.example.dogglers/androidx.test.core.app.InstrumentationActivityInvoker$BootstrapActivity (has extras) }, activity=androidx.test.core.app.InstrumentationActivityInvoker$BootstrapActivity@7529a53
12-21 15:15:51.538 21417 21417 D LifecycleMonitor: Lifecycle status change: com.example.dogglers.VerticalListActivity@c3d6c45 in: PRE_ON_CREATE
12-21 15:15:51.539 21417 21417 V ActivityScenario: Activity lifecycle changed event received but ignored because the reported transition was not ON_CREATE while the last known transition was PRE_ON_CREATE
12-21 15:15:51.561 21417 21417 D LifecycleMonitor: Lifecycle status change: com.example.dogglers.VerticalListActivity@c3d6c45 in: CREATED
12-21 15:15:51.561 21417 21417 V ActivityScenario: Update currentActivityStage to CREATED, currentActivity=com.example.dogglers.VerticalListActivity@c3d6c45
12-21 15:15:51.562 21417 21417 D LifecycleMonitor: Lifecycle status change: com.example.dogglers.VerticalListActivity@c3d6c45 in: STARTED
12-21 15:15:51.562 21417 21417 V ActivityScenario: Update currentActivityStage to STARTED, currentActivity=com.example.dogglers.VerticalListActivity@c3d6c45
12-21 15:15:51.565  2318  2477 D EGL_emulation: eglMakeCurrent: 0xa7305ea0: ver 2 0 (tinfo 0xa7303d70)
12-21 15:15:51.566  2397  2898 D EGL_emulation: eglMakeCurrent: 0xa7307a00: ver 2 0 (tinfo 0x820bbff0)
12-21 15:15:51.569 21417 21417 D LifecycleMonitor: Lifecycle status change: com.example.dogglers.VerticalListActivity@c3d6c45 in: RESUMED
12-21 15:15:51.573 21417 21417 V ActivityScenario: Update currentActivityStage to RESUMED, currentActivity=com.example.dogglers.VerticalListActivity@c3d6c45
12-21 15:15:51.582 21417 21422 I zygote  : Do partial code cache collection, code=248KB, data=162KB
12-21 15:15:51.583 21417 21422 I zygote  : After code cache collection, code=248KB, data=162KB
12-21 15:15:51.583 21417 21422 I zygote  : Increasing code cache capacity to 1024KB
12-21 15:15:51.588  1428  1428 D gralloc_ranchu: gralloc_alloc: Creating ashmem region of size 8298496
12-21 15:15:51.589  1428  1428 I chatty  : uid=1000(system) allocator@2.0-s identical 1 line
12-21 15:15:51.590  1428  1428 D gralloc_ranchu: gralloc_alloc: Creating ashmem region of size 8298496
12-21 15:15:51.629 21417 21443 D EGL_emulation: eglMakeCurrent: 0xa7305360: ver 2 0 (tinfo 0xa73033a0)
12-21 15:15:51.640  1704  1725 I ActivityManager: Displayed com.example.dogglers/.VerticalListActivity: +105ms (total +133ms)
12-21 15:15:51.645 21417 21417 I ViewInteraction: Checking 'MatchesViewAssertion{viewMatcher=(view has effective visibility <VISIBLE> and view.getGlobalVisibleRect() to return non-empty rectangle)}' assertion on view an instance of android.widget.TextView and view.getText() with or without transformation to match: is "Tzeitel"
12-21 15:15:51.648 21417 21417 I ViewInteraction: Checking 'MatchesViewAssertion{viewMatcher=(view has effective visibility <VISIBLE> and view.getGlobalVisibleRect() to return non-empty rectangle)}' assertion on view an instance of android.widget.TextView and view.getText() with or without transformation to match: is "Age: 7"
12-21 15:15:51.649 21417 21417 D LifecycleMonitor: Lifecycle status change: androidx.test.core.app.InstrumentationActivityInvoker$BootstrapActivity@7529a53 in: STOPPED
12-21 15:15:51.650 21417 21417 V ActivityScenario: Activity lifecycle changed event received but ignored because the intent does not match. startActivityIntent=Intent { act=android.intent.action.MAIN cat=[android.intent.category.LAUNCHER] cmp=com.example.dogglers/.VerticalListActivity }, activity.getIntent()=Intent { act=android.intent.action.MAIN cat=[android.intent.category.LAUNCHER] flg=0x10008000 cmp=com.example.dogglers/androidx.test.core.app.InstrumentationActivityInvoker$BootstrapActivity (has extras) }, activity=androidx.test.core.app.InstrumentationActivityInvoker$BootstrapActivity@7529a53
12-21 15:15:51.653 21417 21417 I ViewInteraction: Checking 'MatchesViewAssertion{viewMatcher=(view has effective visibility <VISIBLE> and view.getGlobalVisibleRect() to return non-empty rectangle)}' assertion on view an instance of android.widget.TextView and view.getText() with or without transformation to match: is "Hobbies: sunbathing"
12-21 15:15:51.655  2397 20974 I PBSessionCacheImpl: (REDACTED) Deleted sessionId[%d] from persistence.
12-21 15:15:51.660  2397  3091 W SearchServiceCore: Abort, client detached.
12-21 15:15:51.708 21417 21417 I ViewInteraction: Checking 'MatchesViewAssertion{viewMatcher=(view has effective visibility <VISIBLE> and view.getGlobalVisibleRect() to return non-empty rectangle)}' assertion on view has drawable resource 2131165345
12-21 15:15:51.716 21417 21417 D LifecycleMonitor: Lifecycle status change: com.example.dogglers.VerticalListActivity@c3d6c45 in: PAUSED
12-21 15:15:51.716 21417 21417 V ActivityScenario: Update currentActivityStage to PAUSED, currentActivity=com.example.dogglers.VerticalListActivity@c3d6c45
12-21 15:15:51.722 21417 21417 D LifecycleMonitor: Lifecycle status change: androidx.test.core.app.InstrumentationActivityInvoker$EmptyActivity@f130014 in: PRE_ON_CREATE
12-21 15:15:51.722 21417 21417 V ActivityScenario: Activity lifecycle changed event received but ignored because the intent does not match. startActivityIntent=Intent { act=android.intent.action.MAIN cat=[android.intent.category.LAUNCHER] cmp=com.example.dogglers/.VerticalListActivity }, activity.getIntent()=Intent { act=android.intent.action.MAIN cat=[android.intent.category.LAUNCHER] flg=0x10000000 cmp=com.example.dogglers/androidx.test.core.app.InstrumentationActivityInvoker$EmptyActivity }, activity=androidx.test.core.app.InstrumentationActivityInvoker$EmptyActivity@f130014
12-21 15:15:51.727 21417 21417 D LifecycleMonitor: Lifecycle status change: androidx.test.core.app.InstrumentationActivityInvoker$EmptyActivity@f130014 in: CREATED
12-21 15:15:51.727 21417 21417 V ActivityScenario: Activity lifecycle changed event received but ignored because the intent does not match. startActivityIntent=Intent { act=android.intent.action.MAIN cat=[android.intent.category.LAUNCHER] cmp=com.example.dogglers/.VerticalListActivity }, activity.getIntent()=Intent { act=android.intent.action.MAIN cat=[android.intent.category.LAUNCHER] flg=0x10000000 cmp=com.example.dogglers/androidx.test.core.app.InstrumentationActivityInvoker$EmptyActivity }, activity=androidx.test.core.app.InstrumentationActivityInvoker$EmptyActivity@f130014
12-21 15:15:51.727 21417 21417 D LifecycleMonitor: Lifecycle status change: androidx.test.core.app.InstrumentationActivityInvoker$EmptyActivity@f130014 in: STARTED
12-21 15:15:51.727 21417 21417 V ActivityScenario: Activity lifecycle changed event received but ignored because the intent does not match. startActivityIntent=Intent { act=android.intent.action.MAIN cat=[android.intent.category.LAUNCHER] cmp=com.example.dogglers/.VerticalListActivity }, activity.getIntent()=Intent { act=android.intent.action.MAIN cat=[android.intent.category.LAUNCHER] flg=0x10000000 cmp=com.example.dogglers/androidx.test.core.app.InstrumentationActivityInvoker$EmptyActivity }, activity=androidx.test.core.app.InstrumentationActivityInvoker$EmptyActivity@f130014
12-21 15:15:51.729 21417 21417 D LifecycleMonitor: Lifecycle status change: androidx.test.core.app.InstrumentationActivityInvoker$EmptyActivity@f130014 in: RESUMED
12-21 15:15:51.729 21417 21417 V ActivityScenario: Activity lifecycle changed event received but ignored because the intent does not match. startActivityIntent=Intent { act=android.intent.action.MAIN cat=[android.intent.category.LAUNCHER] cmp=com.example.dogglers/.VerticalListActivity }, activity.getIntent()=Intent { act=android.intent.action.MAIN cat=[android.intent.category.LAUNCHER] flg=0x10000000 cmp=com.example.dogglers/androidx.test.core.app.InstrumentationActivityInvoker$EmptyActivity }, activity=androidx.test.core.app.InstrumentationActivityInvoker$EmptyActivity@f130014
12-21 15:15:51.739  1428  1428 D gralloc_ranchu: gralloc_alloc: Creating ashmem region of size 7753728
12-21 15:15:51.742  1428  1428 I chatty  : uid=1000(system) allocator@2.0-s identical 1 line
12-21 15:15:51.743  1428  1428 D gralloc_ranchu: gralloc_alloc: Creating ashmem region of size 7753728
12-21 15:15:51.752 21417 21443 D EGL_emulation: eglMakeCurrent: 0xa7305360: ver 2 0 (tinfo 0xa73033a0)
12-21 15:15:51.759  1704  1725 I ActivityManager: Displayed com.example.dogglers/androidx.test.core.app.InstrumentationActivityInvoker$EmptyActivity: +39ms
12-21 15:15:51.786 21417 21417 D LifecycleMonitor: Lifecycle status change: androidx.test.core.app.InstrumentationActivityInvoker$EmptyActivity@f130014 in: PAUSED
12-21 15:15:51.786 21417 21417 V ActivityScenario: Activity lifecycle changed event received but ignored because the intent does not match. startActivityIntent=Intent { act=android.intent.action.MAIN cat=[android.intent.category.LAUNCHER] cmp=com.example.dogglers/.VerticalListActivity }, activity.getIntent()=Intent { act=android.intent.action.MAIN cat=[android.intent.category.LAUNCHER] flg=0x10000000 cmp=com.example.dogglers/androidx.test.core.app.InstrumentationActivityInvoker$EmptyActivity }, activity=androidx.test.core.app.InstrumentationActivityInvoker$EmptyActivity@f130014
12-21 15:15:51.790 21417 21417 D LifecycleMonitor: Lifecycle status change: androidx.test.core.app.InstrumentationActivityInvoker$BootstrapActivity@7529a53 in: DESTROYED
12-21 15:15:51.790 21417 21417 V ActivityScenario: Activity lifecycle changed event received but ignored because the intent does not match. startActivityIntent=Intent { act=android.intent.action.MAIN cat=[android.intent.category.LAUNCHER] cmp=com.example.dogglers/.VerticalListActivity }, activity.getIntent()=Intent { act=android.intent.action.MAIN cat=[android.intent.category.LAUNCHER] flg=0x10008000 cmp=com.example.dogglers/androidx.test.core.app.InstrumentationActivityInvoker$BootstrapActivity (has extras) }, activity=androidx.test.core.app.InstrumentationActivityInvoker$BootstrapActivity@7529a53
12-21 15:15:51.793 21417 21417 D LifecycleMonitor: Lifecycle status change: androidx.test.core.app.InstrumentationActivityInvoker$EmptyActivity@dd0fbfe in: PRE_ON_CREATE
12-21 15:15:51.793 21417 21417 V ActivityScenario: Activity lifecycle changed event received but ignored because the intent does not match. startActivityIntent=Intent { act=android.intent.action.MAIN cat=[android.intent.category.LAUNCHER] cmp=com.example.dogglers/.VerticalListActivity }, activity.getIntent()=Intent { act=android.intent.action.MAIN cat=[android.intent.category.LAUNCHER] flg=0x10000000 cmp=com.example.dogglers/androidx.test.core.app.InstrumentationActivityInvoker$EmptyActivity }, activity=androidx.test.core.app.InstrumentationActivityInvoker$EmptyActivity@dd0fbfe
12-21 15:15:51.797 21417 21417 D LifecycleMonitor: Lifecycle status change: androidx.test.core.app.InstrumentationActivityInvoker$EmptyActivity@dd0fbfe in: CREATED
12-21 15:15:51.798 21417 21417 V ActivityScenario: Activity lifecycle changed event received but ignored because the intent does not match. startActivityIntent=Intent { act=android.intent.action.MAIN cat=[android.intent.category.LAUNCHER] cmp=com.example.dogglers/.VerticalListActivity }, activity.getIntent()=Intent { act=android.intent.action.MAIN cat=[android.intent.category.LAUNCHER] flg=0x10000000 cmp=com.example.dogglers/androidx.test.core.app.InstrumentationActivityInvoker$EmptyActivity }, activity=androidx.test.core.app.InstrumentationActivityInvoker$EmptyActivity@dd0fbfe
12-21 15:15:51.798 21417 21417 D LifecycleMonitor: Lifecycle status change: androidx.test.core.app.InstrumentationActivityInvoker$EmptyActivity@dd0fbfe in: STARTED
12-21 15:15:51.798 21417 21417 V ActivityScenario: Activity lifecycle changed event received but ignored because the intent does not match. startActivityIntent=Intent { act=android.intent.action.MAIN cat=[android.intent.category.LAUNCHER] cmp=com.example.dogglers/.VerticalListActivity }, activity.getIntent()=Intent { act=android.intent.action.MAIN cat=[android.intent.category.LAUNCHER] flg=0x10000000 cmp=com.example.dogglers/androidx.test.core.app.InstrumentationActivityInvoker$EmptyActivity }, activity=androidx.test.core.app.InstrumentationActivityInvoker$EmptyActivity@dd0fbfe
12-21 15:15:51.801 21417 21417 D LifecycleMonitor: Lifecycle status change: androidx.test.core.app.InstrumentationActivityInvoker$EmptyActivity@dd0fbfe in: RESUMED
12-21 15:15:51.801 21417 21417 V ActivityScenario: Activity lifecycle changed event received but ignored because the intent does not match. startActivityIntent=Intent { act=android.intent.action.MAIN cat=[android.intent.category.LAUNCHER] cmp=com.example.dogglers/.VerticalListActivity }, activity.getIntent()=Intent { act=android.intent.action.MAIN cat=[android.intent.category.LAUNCHER] flg=0x10000000 cmp=com.example.dogglers/androidx.test.core.app.InstrumentationActivityInvoker$EmptyActivity }, activity=androidx.test.core.app.InstrumentationActivityInvoker$EmptyActivity@dd0fbfe
12-21 15:15:51.805 21417 21417 D LifecycleMonitor: Lifecycle status change: com.example.dogglers.VerticalListActivity@c3d6c45 in: STOPPED
12-21 15:15:51.806 21417 21417 V ActivityScenario: Update currentActivityStage to STOPPED, currentActivity=com.example.dogglers.VerticalListActivity@c3d6c45
12-21 15:15:51.806 21417 21417 D LifecycleMonitor: Lifecycle status change: com.example.dogglers.VerticalListActivity@c3d6c45 in: DESTROYED
12-21 15:15:51.806 21417 21417 V ActivityScenario: Update currentActivityStage to DESTROYED, currentActivity=null
12-21 15:15:51.817  1437  1437 D SurfaceFlinger: duplicate layer name: changing com.example.dogglers/androidx.test.core.app.InstrumentationActivityInvoker$EmptyActivity to com.example.dogglers/androidx.test.core.app.InstrumentationActivityInvoker$EmptyActivity#1
12-21 15:15:51.821  1428  1428 D gralloc_ranchu: gralloc_alloc: Creating ashmem region of size 7753728
12-21 15:15:51.823  1428  1428 I chatty  : uid=1000(system) allocator@2.0-s identical 1 line
12-21 15:15:51.824  1428  1428 D gralloc_ranchu: gralloc_alloc: Creating ashmem region of size 7753728
12-21 15:15:51.833 21417 21443 D EGL_emulation: eglMakeCurrent: 0xa7305360: ver 2 0 (tinfo 0xa73033a0)
12-21 15:15:51.842  1704  1725 I ActivityManager: Displayed com.example.dogglers/androidx.test.core.app.InstrumentationActivityInvoker$EmptyActivity: +53ms
12-21 15:15:51.845 21417 21417 D LifecycleMonitor: Lifecycle status change: androidx.test.core.app.InstrumentationActivityInvoker$EmptyActivity@dd0fbfe in: PAUSED
12-21 15:15:51.846 21417 21417 V ActivityScenario: Activity lifecycle changed event received but ignored because the intent does not match. startActivityIntent=Intent { act=android.intent.action.MAIN cat=[android.intent.category.LAUNCHER] cmp=com.example.dogglers/.VerticalListActivity }, activity.getIntent()=Intent { act=android.intent.action.MAIN cat=[android.intent.category.LAUNCHER] flg=0x10000000 cmp=com.example.dogglers/androidx.test.core.app.InstrumentationActivityInvoker$EmptyActivity }, activity=androidx.test.core.app.InstrumentationActivityInvoker$EmptyActivity@dd0fbfe
12-21 15:15:51.857  1428  1428 D gralloc_ranchu: gralloc_alloc: Creating ashmem region of size 8298496
12-21 15:15:51.859  1428  1428 I chatty  : uid=1000(system) allocator@2.0-s identical 1 line
12-21 15:15:51.861  1428  1428 D gralloc_ranchu: gralloc_alloc: Creating ashmem region of size 8298496
12-21 15:15:51.861 21417 21441 I TestRunner: finished: vertical_scroll_content_at_first_position(com.example.dogglers.VerticalListTests)
